// Jest Snapshot v1, https://goo.gl/fbAQLP

exports[`About Render About page 1`] = `[Function]`;
