// Jest Snapshot v1, https://goo.gl/fbAQLP

exports[`About Render About page 1`] = `"<html data-reactroot=\\"\\"><head></head><body><div id=\\"__next\\"><div class=\\"layout\\"><header class=\\"header\\"><nav class=\\"header__nav\\"><li class=\\"header__nav__li\\"><a class=\\"header__nav__li__selected_a\\" href=\\"/\\">About</a></li><li class=\\"header__nav__li\\"><a class=\\"header__nav__li__a\\" href=\\"/blog\\">Blog</a></li><li class=\\"header__nav__li\\"><a class=\\"header__nav__li__a\\" href=\\"/portfolio\\">Portfolio</a></li></nav></header><main class=\\"main\\"><section class=\\"main__section__avatars\\"><div><span style=\\"box-sizing:border-box;display:inline-block;overflow:hidden;width:initial;height:initial;background:none;opacity:1;border:0;margin:0;padding:0;position:relative;max-width:100%\\"><span style=\\"box-sizing:border-box;display:block;width:initial;height:initial;background:none;opacity:1;border:0;margin:0;padding:0;max-width:100%\\"><img style=\\"display:block;max-width:100%;width:initial;height:initial;background:none;opacity:1;border:0;margin:0;padding:0\\" alt=\\"\\" aria-hidden=\\"true\\" src=\\"data:image/svg+xml;base64,PHN2ZyB3aWR0aD0iMjAwIiBoZWlnaHQ9IjIwMCIgeG1sbnM9Imh0dHA6Ly93d3cudzMub3JnLzIwMDAvc3ZnIiB2ZXJzaW9uPSIxLjEiLz4=\\"/></span><img alt=\\"tamagram\\" src=\\"data:image/gif;base64,R0lGODlhAQABAIAAAAAAAP///yH5BAEAAAAALAAAAAABAAEAAAIBRAA7\\" decoding=\\"async\\" data-nimg=\\"intrinsic\\" class=\\"main__section__avatar_img\\" style=\\"position:absolute;top:0;left:0;bottom:0;right:0;box-sizing:border-box;padding:0;border:none;margin:auto;display:block;width:0;height:0;min-width:100%;max-width:100%;min-height:100%;max-height:100%\\"/><noscript><img alt=\\"tamagram\\" srcSet=\\"/_next/image?url=%2Ftamagram.jpg&amp;w=256&amp;q=75 1x, /_next/image?url=%2Ftamagram.jpg&amp;w=640&amp;q=75 2x\\" src=\\"/_next/image?url=%2Ftamagram.jpg&amp;w=640&amp;q=75\\" decoding=\\"async\\" data-nimg=\\"intrinsic\\" style=\\"position:absolute;top:0;left:0;bottom:0;right:0;box-sizing:border-box;padding:0;border:none;margin:auto;display:block;width:0;height:0;min-width:100%;max-width:100%;min-height:100%;max-height:100%\\" class=\\"main__section__avatar_img\\" loading=\\"lazy\\"/></noscript></span></div><div class=\\"main__section__avatar_name\\">tama</div><div class=\\"main__section__icons\\"><span style=\\"box-sizing:border-box;display:inline-block;overflow:hidden;width:initial;height:initial;background:none;opacity:1;border:0;margin:0;padding:0;position:relative;max-width:100%\\"><span style=\\"box-sizing:border-box;display:block;width:initial;height:initial;background:none;opacity:1;border:0;margin:0;padding:0;max-width:100%\\"><img style=\\"display:block;max-width:100%;width:initial;height:initial;background:none;opacity:1;border:0;margin:0;padding:0\\" alt=\\"\\" aria-hidden=\\"true\\" src=\\"data:image/svg+xml;base64,PHN2ZyB3aWR0aD0iNDAiIGhlaWdodD0iNDAiIHhtbG5zPSJodHRwOi8vd3d3LnczLm9yZy8yMDAwL3N2ZyIgdmVyc2lvbj0iMS4xIi8+\\"/></span><img alt=\\"github\\" src=\\"data:image/gif;base64,R0lGODlhAQABAIAAAAAAAP///yH5BAEAAAAALAAAAAABAAEAAAIBRAA7\\" decoding=\\"async\\" data-nimg=\\"intrinsic\\" style=\\"position:absolute;top:0;left:0;bottom:0;right:0;box-sizing:border-box;padding:0;border:none;margin:auto;display:block;width:0;height:0;min-width:100%;max-width:100%;min-height:100%;max-height:100%\\"/><noscript><img alt=\\"github\\" srcSet=\\"/_next/image?url=%2Fgithub-icon.svg&amp;w=48&amp;q=75 1x, /_next/image?url=%2Fgithub-icon.svg&amp;w=96&amp;q=75 2x\\" src=\\"/_next/image?url=%2Fgithub-icon.svg&amp;w=96&amp;q=75\\" decoding=\\"async\\" data-nimg=\\"intrinsic\\" style=\\"position:absolute;top:0;left:0;bottom:0;right:0;box-sizing:border-box;padding:0;border:none;margin:auto;display:block;width:0;height:0;min-width:100%;max-width:100%;min-height:100%;max-height:100%\\" loading=\\"lazy\\"/></noscript></span><span style=\\"box-sizing:border-box;display:inline-block;overflow:hidden;width:initial;height:initial;background:none;opacity:1;border:0;margin:0;padding:0;position:relative;max-width:100%\\"><span style=\\"box-sizing:border-box;display:block;width:initial;height:initial;background:none;opacity:1;border:0;margin:0;padding:0;max-width:100%\\"><img style=\\"display:block;max-width:100%;width:initial;height:initial;background:none;opacity:1;border:0;margin:0;padding:0\\" alt=\\"\\" aria-hidden=\\"true\\" src=\\"data:image/svg+xml;base64,PHN2ZyB3aWR0aD0iNDAiIGhlaWdodD0iNDAiIHhtbG5zPSJodHRwOi8vd3d3LnczLm9yZy8yMDAwL3N2ZyIgdmVyc2lvbj0iMS4xIi8+\\"/></span><img alt=\\"github\\" src=\\"data:image/gif;base64,R0lGODlhAQABAIAAAAAAAP///yH5BAEAAAAALAAAAAABAAEAAAIBRAA7\\" decoding=\\"async\\" data-nimg=\\"intrinsic\\" style=\\"position:absolute;top:0;left:0;bottom:0;right:0;box-sizing:border-box;padding:0;border:none;margin:auto;display:block;width:0;height:0;min-width:100%;max-width:100%;min-height:100%;max-height:100%\\"/><noscript><img alt=\\"github\\" srcSet=\\"/_next/image?url=%2Ftwitter-icon.svg&amp;w=48&amp;q=75 1x, /_next/image?url=%2Ftwitter-icon.svg&amp;w=96&amp;q=75 2x\\" src=\\"/_next/image?url=%2Ftwitter-icon.svg&amp;w=96&amp;q=75\\" decoding=\\"async\\" data-nimg=\\"intrinsic\\" style=\\"position:absolute;top:0;left:0;bottom:0;right:0;box-sizing:border-box;padding:0;border:none;margin:auto;display:block;width:0;height:0;min-width:100%;max-width:100%;min-height:100%;max-height:100%\\" loading=\\"lazy\\"/></noscript></span><span style=\\"box-sizing:border-box;display:inline-block;overflow:hidden;width:initial;height:initial;background:none;opacity:1;border:0;margin:0;padding:0;position:relative;max-width:100%\\"><span style=\\"box-sizing:border-box;display:block;width:initial;height:initial;background:none;opacity:1;border:0;margin:0;padding:0;max-width:100%\\"><img style=\\"display:block;max-width:100%;width:initial;height:initial;background:none;opacity:1;border:0;margin:0;padding:0\\" alt=\\"\\" aria-hidden=\\"true\\" src=\\"data:image/svg+xml;base64,PHN2ZyB3aWR0aD0iNDAiIGhlaWdodD0iNDAiIHhtbG5zPSJodHRwOi8vd3d3LnczLm9yZy8yMDAwL3N2ZyIgdmVyc2lvbj0iMS4xIi8+\\"/></span><img alt=\\"github\\" src=\\"data:image/gif;base64,R0lGODlhAQABAIAAAAAAAP///yH5BAEAAAAALAAAAAABAAEAAAIBRAA7\\" decoding=\\"async\\" data-nimg=\\"intrinsic\\" style=\\"position:absolute;top:0;left:0;bottom:0;right:0;box-sizing:border-box;padding:0;border:none;margin:auto;display:block;width:0;height:0;min-width:100%;max-width:100%;min-height:100%;max-height:100%\\"/><noscript><img alt=\\"github\\" srcSet=\\"/_next/image?url=%2Frss-icon.svg&amp;w=48&amp;q=75 1x, /_next/image?url=%2Frss-icon.svg&amp;w=96&amp;q=75 2x\\" src=\\"/_next/image?url=%2Frss-icon.svg&amp;w=96&amp;q=75\\" decoding=\\"async\\" data-nimg=\\"intrinsic\\" style=\\"position:absolute;top:0;left:0;bottom:0;right:0;box-sizing:border-box;padding:0;border:none;margin:auto;display:block;width:0;height:0;min-width:100%;max-width:100%;min-height:100%;max-height:100%\\" loading=\\"lazy\\"/></noscript></span></div></section><section class=\\"main__section__profiles\\"><div class=\\"main__section__profiles__div\\"><h2># Profile</h2><p>Name: Masahiro Tajima <br/>Occupation: Student <br/>Circle: <br/>- IPFactory <br/>- MakeIT <br/></p><h2># Interest</h2><p>WebDev: React <br/>Cloud: AWS <br/></p></div></section></main><footer class=\\"footer\\">Â© tamagram 2021</footer></div></div></body></html>"`;
