// Jest Snapshot v1, https://goo.gl/fbAQLP

exports[`Portfolio Render Portfolio page 1`] = `"<html data-reactroot=\\"\\"><head></head><body><div id=\\"__next\\"><div class=\\"layout\\"><header class=\\"header\\"><nav class=\\"header__nav\\"><li class=\\"header__nav__li\\"><a class=\\"header__nav__li__a\\" href=\\"/\\">About</a></li><li class=\\"header__nav__li\\"><a class=\\"header__nav__li__a\\" href=\\"/blog\\">Blog</a></li><li class=\\"header__nav__li\\"><a class=\\"header__nav__li__selected_a\\" href=\\"/portfolio\\">Portfolio</a></li></nav></header><main class=\\"main\\"><h1 class=\\"main__heading_1\\">Projects</h1><ul><li class=\\"main__ul__li\\"><article class=\\"main__ul__li__article\\"><h2 class=\\"main__ul__li__article__h2\\">titlessssssssssssssssssssssssssssssssssssssssssssssssssssssssssssssssssssssssssssssssssssssssssss</h2><div class=\\"main__ul__li__article__div\\"><span style=\\"box-sizing:border-box;display:inline-block;overflow:hidden;width:initial;height:initial;background:none;opacity:1;border:0;margin:0;padding:0;position:relative;max-width:100%\\"><span style=\\"box-sizing:border-box;display:block;width:initial;height:initial;background:none;opacity:1;border:0;margin:0;padding:0;max-width:100%\\"><img style=\\"display:block;max-width:100%;width:initial;height:initial;background:none;opacity:1;border:0;margin:0;padding:0\\" alt=\\"\\" aria-hidden=\\"true\\" src=\\"data:image/svg+xml;base64,PHN2ZyB3aWR0aD0iOTAiIGhlaWdodD0iOTAiIHhtbG5zPSJodHRwOi8vd3d3LnczLm9yZy8yMDAwL3N2ZyIgdmVyc2lvbj0iMS4xIi8+\\"/></span><img alt=\\"placehold\\" src=\\"data:image/gif;base64,R0lGODlhAQABAIAAAAAAAP///yH5BAEAAAAALAAAAAABAAEAAAIBRAA7\\" decoding=\\"async\\" data-nimg=\\"intrinsic\\" style=\\"position:absolute;top:0;left:0;bottom:0;right:0;box-sizing:border-box;padding:0;border:none;margin:auto;display:block;width:0;height:0;min-width:100%;max-width:100%;min-height:100%;max-height:100%\\"/><noscript><img alt=\\"placehold\\" srcSet=\\"/_next/image?url=%2F120x120.png&amp;w=96&amp;q=75 1x, /_next/image?url=%2F120x120.png&amp;w=256&amp;q=75 2x\\" src=\\"/_next/image?url=%2F120x120.png&amp;w=256&amp;q=75\\" decoding=\\"async\\" data-nimg=\\"intrinsic\\" style=\\"position:absolute;top:0;left:0;bottom:0;right:0;box-sizing:border-box;padding:0;border:none;margin:auto;display:block;width:0;height:0;min-width:100%;max-width:100%;min-height:100%;max-height:100%\\" loading=\\"lazy\\"/></noscript></span></div></article></li><li class=\\"main__ul__li\\"><article class=\\"main__ul__li__article\\"><h2 class=\\"main__ul__li__article__h2\\">titlessssssssssssssssssssssssssssssssssssssssssssssssssssssssssssssssssssssssssssssssssssssssssss</h2><div class=\\"main__ul__li__article__div\\"><span style=\\"box-sizing:border-box;display:inline-block;overflow:hidden;width:initial;height:initial;background:none;opacity:1;border:0;margin:0;padding:0;position:relative;max-width:100%\\"><span style=\\"box-sizing:border-box;display:block;width:initial;height:initial;background:none;opacity:1;border:0;margin:0;padding:0;max-width:100%\\"><img style=\\"display:block;max-width:100%;width:initial;height:initial;background:none;opacity:1;border:0;margin:0;padding:0\\" alt=\\"\\" aria-hidden=\\"true\\" src=\\"data:image/svg+xml;base64,PHN2ZyB3aWR0aD0iOTAiIGhlaWdodD0iOTAiIHhtbG5zPSJodHRwOi8vd3d3LnczLm9yZy8yMDAwL3N2ZyIgdmVyc2lvbj0iMS4xIi8+\\"/></span><img alt=\\"placehold\\" src=\\"data:image/gif;base64,R0lGODlhAQABAIAAAAAAAP///yH5BAEAAAAALAAAAAABAAEAAAIBRAA7\\" decoding=\\"async\\" data-nimg=\\"intrinsic\\" style=\\"position:absolute;top:0;left:0;bottom:0;right:0;box-sizing:border-box;padding:0;border:none;margin:auto;display:block;width:0;height:0;min-width:100%;max-width:100%;min-height:100%;max-height:100%\\"/><noscript><img alt=\\"placehold\\" srcSet=\\"/_next/image?url=%2F120x120.png&amp;w=96&amp;q=75 1x, /_next/image?url=%2F120x120.png&amp;w=256&amp;q=75 2x\\" src=\\"/_next/image?url=%2F120x120.png&amp;w=256&amp;q=75\\" decoding=\\"async\\" data-nimg=\\"intrinsic\\" style=\\"position:absolute;top:0;left:0;bottom:0;right:0;box-sizing:border-box;padding:0;border:none;margin:auto;display:block;width:0;height:0;min-width:100%;max-width:100%;min-height:100%;max-height:100%\\" loading=\\"lazy\\"/></noscript></span></div></article></li><li class=\\"main__ul__li\\"><article class=\\"main__ul__li__article\\"><h2 class=\\"main__ul__li__article__h2\\">titlessssssssssssssssssssssssssssssssssssssssssssssssssssssssssssssssssssssssssssssssssssssssssss</h2><div class=\\"main__ul__li__article__div\\"><span style=\\"box-sizing:border-box;display:inline-block;overflow:hidden;width:initial;height:initial;background:none;opacity:1;border:0;margin:0;padding:0;position:relative;max-width:100%\\"><span style=\\"box-sizing:border-box;display:block;width:initial;height:initial;background:none;opacity:1;border:0;margin:0;padding:0;max-width:100%\\"><img style=\\"display:block;max-width:100%;width:initial;height:initial;background:none;opacity:1;border:0;margin:0;padding:0\\" alt=\\"\\" aria-hidden=\\"true\\" src=\\"data:image/svg+xml;base64,PHN2ZyB3aWR0aD0iOTAiIGhlaWdodD0iOTAiIHhtbG5zPSJodHRwOi8vd3d3LnczLm9yZy8yMDAwL3N2ZyIgdmVyc2lvbj0iMS4xIi8+\\"/></span><img alt=\\"placehold\\" src=\\"data:image/gif;base64,R0lGODlhAQABAIAAAAAAAP///yH5BAEAAAAALAAAAAABAAEAAAIBRAA7\\" decoding=\\"async\\" data-nimg=\\"intrinsic\\" style=\\"position:absolute;top:0;left:0;bottom:0;right:0;box-sizing:border-box;padding:0;border:none;margin:auto;display:block;width:0;height:0;min-width:100%;max-width:100%;min-height:100%;max-height:100%\\"/><noscript><img alt=\\"placehold\\" srcSet=\\"/_next/image?url=%2F120x120.png&amp;w=96&amp;q=75 1x, /_next/image?url=%2F120x120.png&amp;w=256&amp;q=75 2x\\" src=\\"/_next/image?url=%2F120x120.png&amp;w=256&amp;q=75\\" decoding=\\"async\\" data-nimg=\\"intrinsic\\" style=\\"position:absolute;top:0;left:0;bottom:0;right:0;box-sizing:border-box;padding:0;border:none;margin:auto;display:block;width:0;height:0;min-width:100%;max-width:100%;min-height:100%;max-height:100%\\" loading=\\"lazy\\"/></noscript></span></div></article></li><li class=\\"main__ul__li\\"><article class=\\"main__ul__li__article\\"><h2 class=\\"main__ul__li__article__h2\\">titlessssssssssssssssssssssssssssssssssssssssssssssssssssssssssssssssssssssssssssssssssssssssssss</h2><div class=\\"main__ul__li__article__div\\"><span style=\\"box-sizing:border-box;display:inline-block;overflow:hidden;width:initial;height:initial;background:none;opacity:1;border:0;margin:0;padding:0;position:relative;max-width:100%\\"><span style=\\"box-sizing:border-box;display:block;width:initial;height:initial;background:none;opacity:1;border:0;margin:0;padding:0;max-width:100%\\"><img style=\\"display:block;max-width:100%;width:initial;height:initial;background:none;opacity:1;border:0;margin:0;padding:0\\" alt=\\"\\" aria-hidden=\\"true\\" src=\\"data:image/svg+xml;base64,PHN2ZyB3aWR0aD0iOTAiIGhlaWdodD0iOTAiIHhtbG5zPSJodHRwOi8vd3d3LnczLm9yZy8yMDAwL3N2ZyIgdmVyc2lvbj0iMS4xIi8+\\"/></span><img alt=\\"placehold\\" src=\\"data:image/gif;base64,R0lGODlhAQABAIAAAAAAAP///yH5BAEAAAAALAAAAAABAAEAAAIBRAA7\\" decoding=\\"async\\" data-nimg=\\"intrinsic\\" style=\\"position:absolute;top:0;left:0;bottom:0;right:0;box-sizing:border-box;padding:0;border:none;margin:auto;display:block;width:0;height:0;min-width:100%;max-width:100%;min-height:100%;max-height:100%\\"/><noscript><img alt=\\"placehold\\" srcSet=\\"/_next/image?url=%2F120x120.png&amp;w=96&amp;q=75 1x, /_next/image?url=%2F120x120.png&amp;w=256&amp;q=75 2x\\" src=\\"/_next/image?url=%2F120x120.png&amp;w=256&amp;q=75\\" decoding=\\"async\\" data-nimg=\\"intrinsic\\" style=\\"position:absolute;top:0;left:0;bottom:0;right:0;box-sizing:border-box;padding:0;border:none;margin:auto;display:block;width:0;height:0;min-width:100%;max-width:100%;min-height:100%;max-height:100%\\" loading=\\"lazy\\"/></noscript></span></div></article></li></ul></main><footer class=\\"footer\\">Â© tamagram 2021</footer></div></div></body></html>"`;
