// Jest Snapshot v1, https://goo.gl/fbAQLP

exports[`Blog Render Blog page 1`] = `"<html data-reactroot=\\"\\"><head></head><body><div id=\\"__next\\"><div class=\\"layout\\"><header class=\\"header\\"><nav class=\\"header__nav\\"><li class=\\"header__nav__li\\"><a class=\\"header__nav__li__a\\" href=\\"/\\">Timeline</a></li><li class=\\"header__nav__li\\"><a class=\\"header__nav__li__a\\" href=\\"/about\\">About</a></li></nav><div class=\\"header__div_menu\\"><a href=\\"#light_box\\"><span style=\\"box-sizing:border-box;display:inline-block;overflow:hidden;width:initial;height:initial;background:none;opacity:1;border:0;margin:0;padding:0;position:relative;max-width:100%\\"><span style=\\"box-sizing:border-box;display:block;width:initial;height:initial;background:none;opacity:1;border:0;margin:0;padding:0;max-width:100%\\"><img style=\\"display:block;max-width:100%;width:initial;height:initial;background:none;opacity:1;border:0;margin:0;padding:0\\" alt=\\"\\" aria-hidden=\\"true\\" src=\\"data:image/svg+xml;base64,PHN2ZyB3aWR0aD0iNDAiIGhlaWdodD0iNDAiIHhtbG5zPSJodHRwOi8vd3d3LnczLm9yZy8yMDAwL3N2ZyIgdmVyc2lvbj0iMS4xIi8+\\"/></span><img alt=\\"menu\\" src=\\"data:image/gif;base64,R0lGODlhAQABAIAAAAAAAP///yH5BAEAAAAALAAAAAABAAEAAAIBRAA7\\" decoding=\\"async\\" data-nimg=\\"intrinsic\\" style=\\"position:absolute;top:0;left:0;bottom:0;right:0;box-sizing:border-box;padding:0;border:none;margin:auto;display:block;width:0;height:0;min-width:100%;max-width:100%;min-height:100%;max-height:100%\\"/><noscript><img alt=\\"menu\\" srcSet=\\"/_next/image?url=%2Fmenu.svg&amp;w=48&amp;q=75 1x, /_next/image?url=%2Fmenu.svg&amp;w=96&amp;q=75 2x\\" src=\\"/_next/image?url=%2Fmenu.svg&amp;w=96&amp;q=75\\" decoding=\\"async\\" data-nimg=\\"intrinsic\\" style=\\"position:absolute;top:0;left:0;bottom:0;right:0;box-sizing:border-box;padding:0;border:none;margin:auto;display:block;width:0;height:0;min-width:100%;max-width:100%;min-height:100%;max-height:100%\\" loading=\\"lazy\\"/></noscript></span></a></div><div class=\\"header__div_light_box\\" id=\\"light_box\\"><div class=\\"header__div_light_box__div_menu_close\\"><a href=\\"#\\"><span style=\\"box-sizing:border-box;display:inline-block;overflow:hidden;width:initial;height:initial;background:none;opacity:1;border:0;margin:0;padding:0;position:relative;max-width:100%\\"><span style=\\"box-sizing:border-box;display:block;width:initial;height:initial;background:none;opacity:1;border:0;margin:0;padding:0;max-width:100%\\"><img style=\\"display:block;max-width:100%;width:initial;height:initial;background:none;opacity:1;border:0;margin:0;padding:0\\" alt=\\"\\" aria-hidden=\\"true\\" src=\\"data:image/svg+xml;base64,PHN2ZyB3aWR0aD0iNDAiIGhlaWdodD0iNDAiIHhtbG5zPSJodHRwOi8vd3d3LnczLm9yZy8yMDAwL3N2ZyIgdmVyc2lvbj0iMS4xIi8+\\"/></span><img alt=\\"menu\\" src=\\"data:image/gif;base64,R0lGODlhAQABAIAAAAAAAP///yH5BAEAAAAALAAAAAABAAEAAAIBRAA7\\" decoding=\\"async\\" data-nimg=\\"intrinsic\\" style=\\"position:absolute;top:0;left:0;bottom:0;right:0;box-sizing:border-box;padding:0;border:none;margin:auto;display:block;width:0;height:0;min-width:100%;max-width:100%;min-height:100%;max-height:100%\\"/><noscript><img alt=\\"menu\\" srcSet=\\"/_next/image?url=%2Fmenu-close.svg&amp;w=48&amp;q=75 1x, /_next/image?url=%2Fmenu-close.svg&amp;w=96&amp;q=75 2x\\" src=\\"/_next/image?url=%2Fmenu-close.svg&amp;w=96&amp;q=75\\" decoding=\\"async\\" data-nimg=\\"intrinsic\\" style=\\"position:absolute;top:0;left:0;bottom:0;right:0;box-sizing:border-box;padding:0;border:none;margin:auto;display:block;width:0;height:0;min-width:100%;max-width:100%;min-height:100%;max-height:100%\\" loading=\\"lazy\\"/></noscript></span></a></div><nav class=\\"header__div_light_box__nav\\"><li class=\\"header__div_light_box__nav__li\\"><a class=\\"header__div_light_box__nav__li__a\\" href=\\"/\\">About</a></li><li class=\\"header__div_light_box__nav__li\\"><a class=\\"header__div_light_box__nav__li__selected_a\\" href=\\"/blog\\">Blog</a></li></nav></div></header><main class=\\"main\\"><h1 class=\\"main__heading_1\\">Posts</h1>Loading...</main><footer class=\\"footer\\">Â© tamagram 2021</footer></div>;</div></body></html>"`;
