// Jest Snapshot v1, https://goo.gl/fbAQLP

exports[`Portfolio Render Portfolio page 1`] = `"<html data-reactroot=\\"\\"><head></head><body><div id=\\"__next\\"><div class=\\"layout\\"><header class=\\"header\\"><nav class=\\"header__nav\\"><li class=\\"header__nav__li\\"><a class=\\"header__nav__li__a\\" href=\\"/\\">About</a></li><li class=\\"header__nav__li\\"><a class=\\"header__nav__li__a\\" href=\\"/blog\\">Blog</a></li></nav><div class=\\"header__div_menu\\"><a href=\\"#light_box\\"><span style=\\"box-sizing:border-box;display:inline-block;overflow:hidden;width:initial;height:initial;background:none;opacity:1;border:0;margin:0;padding:0;position:relative;max-width:100%\\"><span style=\\"box-sizing:border-box;display:block;width:initial;height:initial;background:none;opacity:1;border:0;margin:0;padding:0;max-width:100%\\"><img style=\\"display:block;max-width:100%;width:initial;height:initial;background:none;opacity:1;border:0;margin:0;padding:0\\" alt=\\"\\" aria-hidden=\\"true\\" src=\\"data:image/svg+xml;base64,PHN2ZyB3aWR0aD0iNDAiIGhlaWdodD0iNDAiIHhtbG5zPSJodHRwOi8vd3d3LnczLm9yZy8yMDAwL3N2ZyIgdmVyc2lvbj0iMS4xIi8+\\"/></span><img alt=\\"menu\\" src=\\"data:image/gif;base64,R0lGODlhAQABAIAAAAAAAP///yH5BAEAAAAALAAAAAABAAEAAAIBRAA7\\" decoding=\\"async\\" data-nimg=\\"intrinsic\\" style=\\"position:absolute;top:0;left:0;bottom:0;right:0;box-sizing:border-box;padding:0;border:none;margin:auto;display:block;width:0;height:0;min-width:100%;max-width:100%;min-height:100%;max-height:100%\\"/><noscript><img alt=\\"menu\\" srcSet=\\"/_next/image?url=%2Fmenu.svg&amp;w=48&amp;q=75 1x, /_next/image?url=%2Fmenu.svg&amp;w=96&amp;q=75 2x\\" src=\\"/_next/image?url=%2Fmenu.svg&amp;w=96&amp;q=75\\" decoding=\\"async\\" data-nimg=\\"intrinsic\\" style=\\"position:absolute;top:0;left:0;bottom:0;right:0;box-sizing:border-box;padding:0;border:none;margin:auto;display:block;width:0;height:0;min-width:100%;max-width:100%;min-height:100%;max-height:100%\\" loading=\\"lazy\\"/></noscript></span></a></div><div class=\\"header__div_light_box\\" id=\\"light_box\\"><div class=\\"header__div_light_box__div_menu_close\\"><a href=\\"#\\"><span style=\\"box-sizing:border-box;display:inline-block;overflow:hidden;width:initial;height:initial;background:none;opacity:1;border:0;margin:0;padding:0;position:relative;max-width:100%\\"><span style=\\"box-sizing:border-box;display:block;width:initial;height:initial;background:none;opacity:1;border:0;margin:0;padding:0;max-width:100%\\"><img style=\\"display:block;max-width:100%;width:initial;height:initial;background:none;opacity:1;border:0;margin:0;padding:0\\" alt=\\"\\" aria-hidden=\\"true\\" src=\\"data:image/svg+xml;base64,PHN2ZyB3aWR0aD0iNDAiIGhlaWdodD0iNDAiIHhtbG5zPSJodHRwOi8vd3d3LnczLm9yZy8yMDAwL3N2ZyIgdmVyc2lvbj0iMS4xIi8+\\"/></span><img alt=\\"menu\\" src=\\"data:image/gif;base64,R0lGODlhAQABAIAAAAAAAP///yH5BAEAAAAALAAAAAABAAEAAAIBRAA7\\" decoding=\\"async\\" data-nimg=\\"intrinsic\\" style=\\"position:absolute;top:0;left:0;bottom:0;right:0;box-sizing:border-box;padding:0;border:none;margin:auto;display:block;width:0;height:0;min-width:100%;max-width:100%;min-height:100%;max-height:100%\\"/><noscript><img alt=\\"menu\\" srcSet=\\"/_next/image?url=%2Fmenu-close.svg&amp;w=48&amp;q=75 1x, /_next/image?url=%2Fmenu-close.svg&amp;w=96&amp;q=75 2x\\" src=\\"/_next/image?url=%2Fmenu-close.svg&amp;w=96&amp;q=75\\" decoding=\\"async\\" data-nimg=\\"intrinsic\\" style=\\"position:absolute;top:0;left:0;bottom:0;right:0;box-sizing:border-box;padding:0;border:none;margin:auto;display:block;width:0;height:0;min-width:100%;max-width:100%;min-height:100%;max-height:100%\\" loading=\\"lazy\\"/></noscript></span></a></div><nav class=\\"header__div_light_box__nav\\"><li class=\\"header__div_light_box__nav__li\\"><a class=\\"header__div_light_box__nav__li__a\\" href=\\"/\\">About</a></li><li class=\\"header__div_light_box__nav__li\\"><a class=\\"header__div_light_box__nav__li__a\\" href=\\"/blog\\">Blog</a></li></nav></div></header><main class=\\"main\\"><h1 class=\\"main__h1\\">Products</h1><ul><li class=\\"main__ul__li\\"><article class=\\"main__ul__li__article\\"><div class=\\"main__ul__li__article__div\\"><span style=\\"box-sizing:border-box;display:inline-block;overflow:hidden;width:initial;height:initial;background:none;opacity:1;border:0;margin:0;padding:0;position:relative;max-width:100%\\"><span style=\\"box-sizing:border-box;display:block;width:initial;height:initial;background:none;opacity:1;border:0;margin:0;padding:0;max-width:100%\\"><img style=\\"display:block;max-width:100%;width:initial;height:initial;background:none;opacity:1;border:0;margin:0;padding:0\\" alt=\\"\\" aria-hidden=\\"true\\" src=\\"data:image/svg+xml;base64,PHN2ZyB3aWR0aD0iNjQwIiBoZWlnaHQ9IjM2MCIgeG1sbnM9Imh0dHA6Ly93d3cudzMub3JnLzIwMDAvc3ZnIiB2ZXJzaW9uPSIxLjEiLz4=\\"/></span><img alt=\\"placehold\\" src=\\"data:image/gif;base64,R0lGODlhAQABAIAAAAAAAP///yH5BAEAAAAALAAAAAABAAEAAAIBRAA7\\" decoding=\\"async\\" data-nimg=\\"intrinsic\\" class=\\"main__ul__li__article__div__img\\" style=\\"position:absolute;top:0;left:0;bottom:0;right:0;box-sizing:border-box;padding:0;border:none;margin:auto;display:block;width:0;height:0;min-width:100%;max-width:100%;min-height:100%;max-height:100%\\"/><noscript><img alt=\\"placehold\\" srcSet=\\"/_next/image?url=%2Fproducts%2Fporta.png&amp;w=640&amp;q=75 1x, /_next/image?url=%2Fproducts%2Fporta.png&amp;w=1920&amp;q=75 2x\\" src=\\"/_next/image?url=%2Fproducts%2Fporta.png&amp;w=1920&amp;q=75\\" decoding=\\"async\\" data-nimg=\\"intrinsic\\" style=\\"position:absolute;top:0;left:0;bottom:0;right:0;box-sizing:border-box;padding:0;border:none;margin:auto;display:block;width:0;height:0;min-width:100%;max-width:100%;min-height:100%;max-height:100%\\" class=\\"main__ul__li__article__div__img\\" loading=\\"lazy\\"/></noscript></span><h2 class=\\"main__ul__li__article__h2\\">WIP🚧 PORTA</h2><p class=\\"main__ul__li__article__p\\">クリエイターのためのオンラインポートフォリオ作成サービス<br/>MakeIT 部内ハッカソン<br/><a href=\\"https://github.com/ISC-MakeIT/porta\\">https://github.com/ISC-MakeIT/porta</a><div class=\\"main__ul__li__article__tech\\">利用技術 <br/>・Docker<br/>・React<br/>・Gin, GORM<br/>・Ngrok<br/>・Auth0<br/>・MINIO</div></p></div></article></li><li class=\\"main__ul__li\\"><article class=\\"main__ul__li__article\\"><div class=\\"main__ul__li__article__div\\"><span style=\\"box-sizing:border-box;display:inline-block;overflow:hidden;width:initial;height:initial;background:none;opacity:1;border:0;margin:0;padding:0;position:relative;max-width:100%\\"><span style=\\"box-sizing:border-box;display:block;width:initial;height:initial;background:none;opacity:1;border:0;margin:0;padding:0;max-width:100%\\"><img style=\\"display:block;max-width:100%;width:initial;height:initial;background:none;opacity:1;border:0;margin:0;padding:0\\" alt=\\"\\" aria-hidden=\\"true\\" src=\\"data:image/svg+xml;base64,PHN2ZyB3aWR0aD0iNjAwIiBoZWlnaHQ9IjM5NyIgeG1sbnM9Imh0dHA6Ly93d3cudzMub3JnLzIwMDAvc3ZnIiB2ZXJzaW9uPSIxLjEiLz4=\\"/></span><img alt=\\"placehold\\" src=\\"data:image/gif;base64,R0lGODlhAQABAIAAAAAAAP///yH5BAEAAAAALAAAAAABAAEAAAIBRAA7\\" decoding=\\"async\\" data-nimg=\\"intrinsic\\" class=\\"main__ul__li__article__div__img\\" style=\\"position:absolute;top:0;left:0;bottom:0;right:0;box-sizing:border-box;padding:0;border:none;margin:auto;display:block;width:0;height:0;min-width:100%;max-width:100%;min-height:100%;max-height:100%\\"/><noscript><img alt=\\"placehold\\" srcSet=\\"/_next/image?url=%2Fproducts%2Fcustom-songs.png&amp;w=640&amp;q=75 1x, /_next/image?url=%2Fproducts%2Fcustom-songs.png&amp;w=1200&amp;q=75 2x\\" src=\\"/_next/image?url=%2Fproducts%2Fcustom-songs.png&amp;w=1200&amp;q=75\\" decoding=\\"async\\" data-nimg=\\"intrinsic\\" style=\\"position:absolute;top:0;left:0;bottom:0;right:0;box-sizing:border-box;padding:0;border:none;margin:auto;display:block;width:0;height:0;min-width:100%;max-width:100%;min-height:100%;max-height:100%\\" class=\\"main__ul__li__article__div__img\\" loading=\\"lazy\\"/></noscript></span><h2 class=\\"main__ul__li__article__h2\\">WIP🚧 custom-songs</h2><p class=\\"main__ul__li__article__p\\">BeatSaberのカスタム曲を管理するネイティブアプリケーション Electronにて開発中<br/><a href=\\"https://github.com/tamagram/custom-songs\\">https://github.com/tamagram/custom-songs</a><div class=\\"main__ul__li__article__tech\\">利用技術 <br/>・Electron<br/>・React</div></p></div></article></li><li class=\\"main__ul__li\\"><article class=\\"main__ul__li__article\\"><div class=\\"main__ul__li__article__div\\"><span style=\\"box-sizing:border-box;display:inline-block;overflow:hidden;width:initial;height:initial;background:none;opacity:1;border:0;margin:0;padding:0;position:relative;max-width:100%\\"><span style=\\"box-sizing:border-box;display:block;width:initial;height:initial;background:none;opacity:1;border:0;margin:0;padding:0;max-width:100%\\"><img style=\\"display:block;max-width:100%;width:initial;height:initial;background:none;opacity:1;border:0;margin:0;padding:0\\" alt=\\"\\" aria-hidden=\\"true\\" src=\\"data:image/svg+xml;base64,PHN2ZyB3aWR0aD0iMzYwIiBoZWlnaHQ9IjY0MCIgeG1sbnM9Imh0dHA6Ly93d3cudzMub3JnLzIwMDAvc3ZnIiB2ZXJzaW9uPSIxLjEiLz4=\\"/></span><img alt=\\"placehold\\" src=\\"data:image/gif;base64,R0lGODlhAQABAIAAAAAAAP///yH5BAEAAAAALAAAAAABAAEAAAIBRAA7\\" decoding=\\"async\\" data-nimg=\\"intrinsic\\" class=\\"main__ul__li__article__div__img\\" style=\\"position:absolute;top:0;left:0;bottom:0;right:0;box-sizing:border-box;padding:0;border:none;margin:auto;display:block;width:0;height:0;min-width:100%;max-width:100%;min-height:100%;max-height:100%\\"/><noscript><img alt=\\"placehold\\" srcSet=\\"/_next/image?url=%2Fproducts%2Fcoreque.png&amp;w=384&amp;q=75 1x, /_next/image?url=%2Fproducts%2Fcoreque.png&amp;w=750&amp;q=75 2x\\" src=\\"/_next/image?url=%2Fproducts%2Fcoreque.png&amp;w=750&amp;q=75\\" decoding=\\"async\\" data-nimg=\\"intrinsic\\" style=\\"position:absolute;top:0;left:0;bottom:0;right:0;box-sizing:border-box;padding:0;border:none;margin:auto;display:block;width:0;height:0;min-width:100%;max-width:100%;min-height:100%;max-height:100%\\" class=\\"main__ul__li__article__div__img\\" loading=\\"lazy\\"/></noscript></span><h2 class=\\"main__ul__li__article__h2\\">CoreQue</h2><p class=\\"main__ul__li__article__p\\">コンビニ商品に焦点をあてた健康管理アプリケーションをサークルのメンバーと共同で開発しました<br/>学生ITコンテスト2021 最優秀賞作品<br/><br/><a href=\\"https://coreque.herokuapp.com/home\\">https://coreque.herokuapp.com/home</a><br/><a href=\\"https://github.com/ISC-MakeIT/CoreQue-api\\">https://github.com/ISC-MakeIT/CoreQue-api</a><div class=\\"main__ul__li__article__tech\\">利用技術 <br/>・AWS Lambda, DynamoDB, S3, APIGateway<br/>・Terraform<br/>・Python</div></p></div></article></li></ul></main><footer class=\\"footer\\">© tamagram 2021</footer></div></div></body></html>"`;
